// Jest Snapshot v1, https://goo.gl/fbAQLP

exports[`GifItem Debe Hacer match el snapshot 1`] = `
<div>
  <div
    class="card"
  >
    <img
      alt="Saitama"
      src="https://one_punch.jpg/"
    />
    <p>
      Saitama
    </p>
  </div>
</div>
`;
